// Jest Snapshot v1, https://goo.gl/fbAQLP

exports[`ListItem should renders correctly 1`] = `
<a
  class="list-item"
  href="/detail/1"
>
  test
</a>
`;
