// Jest Snapshot v1, https://goo.gl/fbAQLP

exports[`Loader should render correctly 1`] = `
<div>
  <div
    class="overlay"
    role="progressbar"
  >
    <div
      class="loader"
    />
  </div>
</div>
`;
