// Jest Snapshot v1, https://goo.gl/fbAQLP

exports[`NotFoundContent should render correctly 1`] = `
<div>
  <div
    class="page"
  >
    <h1>
      This page doesn't exist
    </h1>
    <a
      href="/"
    >
      Return to main page
    </a>
  </div>
</div>
`;
