// Jest Snapshot v1, https://goo.gl/fbAQLP

exports[`Pagination should renders correctly with correct numbers of buttons 1`] = `
<div>
  <main
    class="main light"
  >
    <div
      class="pagination"
    >
      <div
        class="page active"
        role="button"
      >
        1
      </div>
      <div
        class="page"
        role="button"
      >
        2
      </div>
      <div
        class="page"
        role="button"
      >
        3
      </div>
      <div
        class="page"
        role="button"
      >
        4
      </div>
    </div>
  </main>
</div>
`;
